// Jest Snapshot v1, https://goo.gl/fbAQLP

exports[`Adding 1 + 2 + 3  equals 6 using snapshot 1`] = `6`;
